Archive member included to satisfy reference by file (symbol)

d:/dev/mounriver/mounriver_studio/toolchain/risc-v embedded gcc/bin/../lib/gcc/riscv-none-embed/8.2.0/rv32imacxw/ilp32\libgcc.a(subdf3.o)
                              ./User/main.o (__subdf3)
d:/dev/mounriver/mounriver_studio/toolchain/risc-v embedded gcc/bin/../lib/gcc/riscv-none-embed/8.2.0/rv32imacxw/ilp32\libgcc.a(addsf3.o)
                              ./User/main.o (__addsf3)
d:/dev/mounriver/mounriver_studio/toolchain/risc-v embedded gcc/bin/../lib/gcc/riscv-none-embed/8.2.0/rv32imacxw/ilp32\libgcc.a(divsf3.o)
                              ./User/main.o (__divsf3)
d:/dev/mounriver/mounriver_studio/toolchain/risc-v embedded gcc/bin/../lib/gcc/riscv-none-embed/8.2.0/rv32imacxw/ilp32\libgcc.a(gesf2.o)
                              ./User/main.o (__gtsf2)
d:/dev/mounriver/mounriver_studio/toolchain/risc-v embedded gcc/bin/../lib/gcc/riscv-none-embed/8.2.0/rv32imacxw/ilp32\libgcc.a(lesf2.o)
                              ./User/main.o (__ltsf2)
d:/dev/mounriver/mounriver_studio/toolchain/risc-v embedded gcc/bin/../lib/gcc/riscv-none-embed/8.2.0/rv32imacxw/ilp32\libgcc.a(mulsf3.o)
                              ./User/main.o (__mulsf3)
d:/dev/mounriver/mounriver_studio/toolchain/risc-v embedded gcc/bin/../lib/gcc/riscv-none-embed/8.2.0/rv32imacxw/ilp32\libgcc.a(subsf3.o)
                              ./User/main.o (__subsf3)
d:/dev/mounriver/mounriver_studio/toolchain/risc-v embedded gcc/bin/../lib/gcc/riscv-none-embed/8.2.0/rv32imacxw/ilp32\libgcc.a(fixsfsi.o)
                              ./User/main.o (__fixsfsi)
d:/dev/mounriver/mounriver_studio/toolchain/risc-v embedded gcc/bin/../lib/gcc/riscv-none-embed/8.2.0/rv32imacxw/ilp32\libgcc.a(floatsisf.o)
                              ./User/main.o (__floatsisf)
d:/dev/mounriver/mounriver_studio/toolchain/risc-v embedded gcc/bin/../lib/gcc/riscv-none-embed/8.2.0/rv32imacxw/ilp32\libgcc.a(floatunsisf.o)
                              ./User/main.o (__floatunsisf)
d:/dev/mounriver/mounriver_studio/toolchain/risc-v embedded gcc/bin/../lib/gcc/riscv-none-embed/8.2.0/rv32imacxw/ilp32\libgcc.a(extendsfdf2.o)
                              ./User/main.o (__extendsfdf2)
d:/dev/mounriver/mounriver_studio/toolchain/risc-v embedded gcc/bin/../lib/gcc/riscv-none-embed/8.2.0/rv32imacxw/ilp32\libgcc.a(truncdfsf2.o)
                              ./User/main.o (__truncdfsf2)
d:/dev/mounriver/mounriver_studio/toolchain/risc-v embedded gcc/bin/../lib/gcc/riscv-none-embed/8.2.0/rv32imacxw/ilp32\libgcc.a(save-restore.o)
                              ./User/main.o (__riscv_save_12)
d:/dev/mounriver/mounriver_studio/toolchain/risc-v embedded gcc/bin/../lib/gcc/riscv-none-embed/8.2.0/rv32imacxw/ilp32\libgcc.a(_clzsi2.o)
                              d:/dev/mounriver/mounriver_studio/toolchain/risc-v embedded gcc/bin/../lib/gcc/riscv-none-embed/8.2.0/rv32imacxw/ilp32\libgcc.a(subdf3.o) (__clzsi2)
d:/dev/mounriver/mounriver_studio/toolchain/risc-v embedded gcc/bin/../lib/gcc/riscv-none-embed/8.2.0/rv32imacxw/ilp32\libgcc.a(_clz.o)
                              d:/dev/mounriver/mounriver_studio/toolchain/risc-v embedded gcc/bin/../lib/gcc/riscv-none-embed/8.2.0/rv32imacxw/ilp32\libgcc.a(_clzsi2.o) (__clz_tab)
d:/dev/mounriver/mounriver_studio/toolchain/risc-v embedded gcc/bin/../lib/gcc/riscv-none-embed/8.2.0/../../../../riscv-none-embed/lib/rv32imacxw/ilp32\libg_nano.a(lib_a-malloc.o)
                              ./User/oled.o (malloc)
d:/dev/mounriver/mounriver_studio/toolchain/risc-v embedded gcc/bin/../lib/gcc/riscv-none-embed/8.2.0/../../../../riscv-none-embed/lib/rv32imacxw/ilp32\libg_nano.a(lib_a-memmove.o)
                              ./User/main.o (memmove)
d:/dev/mounriver/mounriver_studio/toolchain/risc-v embedded gcc/bin/../lib/gcc/riscv-none-embed/8.2.0/../../../../riscv-none-embed/lib/rv32imacxw/ilp32\libg_nano.a(lib_a-memset.o)
                              ./User/oled.o (memset)
d:/dev/mounriver/mounriver_studio/toolchain/risc-v embedded gcc/bin/../lib/gcc/riscv-none-embed/8.2.0/../../../../riscv-none-embed/lib/rv32imacxw/ilp32\libg_nano.a(lib_a-nano-freer.o)
                              d:/dev/mounriver/mounriver_studio/toolchain/risc-v embedded gcc/bin/../lib/gcc/riscv-none-embed/8.2.0/../../../../riscv-none-embed/lib/rv32imacxw/ilp32\libg_nano.a(lib_a-malloc.o) (_free_r)
d:/dev/mounriver/mounriver_studio/toolchain/risc-v embedded gcc/bin/../lib/gcc/riscv-none-embed/8.2.0/../../../../riscv-none-embed/lib/rv32imacxw/ilp32\libg_nano.a(lib_a-nano-mallocr.o)
                              d:/dev/mounriver/mounriver_studio/toolchain/risc-v embedded gcc/bin/../lib/gcc/riscv-none-embed/8.2.0/../../../../riscv-none-embed/lib/rv32imacxw/ilp32\libg_nano.a(lib_a-malloc.o) (_malloc_r)
d:/dev/mounriver/mounriver_studio/toolchain/risc-v embedded gcc/bin/../lib/gcc/riscv-none-embed/8.2.0/../../../../riscv-none-embed/lib/rv32imacxw/ilp32\libg_nano.a(lib_a-sbrkr.o)
[...]
Memory Configuration

Name             Origin             Length             Attributes
FLASH            0x0000000000000000 0x0000000000008000 xr
RAM              0x0000000020000000 0x0000000000002800 xrw
*default*        0x0000000000000000 0xffffffffffffffff

Linker script and memory map

LOAD ./User/ch32v20x_it.o
LOAD ./User/font.o
LOAD ./User/hx711.o
LOAD ./User/main.o
LOAD ./User/oled.o
LOAD ./User/system_ch32v20x.o
LOAD ./Startup/startup_ch32v20x_D6.o
LOAD ./Peripheral/src/ch32v20x_adc.o
LOAD ./Peripheral/src/ch32v20x_bkp.o
LOAD ./Peripheral/src/ch32v20x_can.o
LOAD ./Peripheral/src/ch32v20x_crc.o
LOAD ./Peripheral/src/ch32v20x_dbgmcu.o
LOAD ./Peripheral/src/ch32v20x_dma.o
LOAD ./Peripheral/src/ch32v20x_exti.o
LOAD ./Peripheral/src/ch32v20x_flash.o
LOAD ./Peripheral/src/ch32v20x_gpio.o
LOAD ./Peripheral/src/ch32v20x_i2c.o
LOAD ./Peripheral/src/ch32v20x_iwdg.o
LOAD ./Peripheral/src/ch32v20x_misc.o
LOAD ./Peripheral/src/ch32v20x_opa.o
LOAD ./Peripheral/src/ch32v20x_pwr.o
LOAD ./Peripheral/src/ch32v20x_rcc.o
LOAD ./Peripheral/src/ch32v20x_rtc.o
LOAD ./Peripheral/src/ch32v20x_spi.o
LOAD ./Peripheral/src/ch32v20x_tim.o
LOAD ./Peripheral/src/ch32v20x_usart.o
LOAD ./Peripheral/src/ch32v20x_wwdg.o
LOAD ./Core/core_riscv.o
LOAD ./Core/delay.o
LOAD d:/dev/mounriver/mounriver_studio/toolchain/risc-v embedded gcc/bin/../lib/gcc/riscv-none-embed/8.2.0/rv32imacxw/ilp32\libgcc.a
LOAD d:/dev/mounriver/mounriver_studio/toolchain/risc-v embedded gcc/bin/../lib/gcc/riscv-none-embed/8.2.0/../../../../riscv-none-embed/lib/rv32imacxw/ilp32\libg_nano.a
LOAD d:/dev/mounriver/mounriver_studio/toolchain/risc-v embedded gcc/bin/../lib/gcc/riscv-none-embed/8.2.0/../../../../riscv-none-embed/lib/rv32imacxw/ilp32\libc_nano.a
LOAD d:/dev/mounriver/mounriver_studio/toolchain/risc-v embedded gcc/bin/../lib/gcc/riscv-none-embed/8.2.0/rv32imacxw/ilp32\libgcc.a
START GROUP
LOAD d:/dev/mounriver/mounriver_studio/toolchain/risc-v embedded gcc/bin/../lib/gcc/riscv-none-embed/8.2.0/rv32imacxw/ilp32\libgcc.a
LOAD d:/dev/mounriver/mounriver_studio/toolchain/risc-v embedded gcc/bin/../lib/gcc/riscv-none-embed/8.2.0/../../../../riscv-none-embed/lib/rv32imacxw/ilp32\libc_nano.a
LOAD d:/dev/mounriver/mounriver_studio/toolchain/risc-v embedded gcc/bin/../lib/gcc/riscv-none-embed/8.2.0/../../../../riscv-none-embed/lib/rv32imacxw/ilp32\libnosys.a
END GROUP
START GROUP
LOAD d:/dev/mounriver/mounriver_studio/toolchain/risc-v embedded gcc/bin/../lib/gcc/riscv-none-embed/8.2.0/rv32imacxw/ilp32\libgcc.a
LOAD d:/dev/mounriver/mounriver_studio/toolchain/risc-v embedded gcc/bin/../lib/gcc/riscv-none-embed/8.2.0/../../../../riscv-none-embed/lib/rv32imacxw/ilp32\libc_nano.a
LOAD d:/dev/mounriver/mounriver_studio/toolchain/risc-v embedded gcc/bin/../lib/gcc/riscv-none-embed/8.2.0/../../../../riscv-none-embed/lib/rv32imacxw/ilp32\libnosys.a
END GROUP
                0x0000000000000800                __stack_size = 0x800
                [!provide]                        PROVIDE (_stack_size = __stack_size)

.init           0x0000000000000000       0x38
                0x0000000000000000                _sinit = .
                0x0000000000000000                . = ALIGN (0x4)
 *(SORT_NONE(.init))
 .init          0x0000000000000000       0x38 ./Startup/startup_ch32v20x_D6.o
                0x0000000000000000                _start
                0x0000000000000038                . = ALIGN (0x4)
                0x0000000000000038                _einit = .

.vector         0x0000000000000038      0x108
 *(.vector)
 .vector        0x0000000000000038       0xfc ./Startup/startup_ch32v20x_D6.o
                0x0000000000000140                . = ALIGN (0x40)
 *fill*         0x0000000000000134        0xc 

.text           0x0000000000000140     0x4ba8
                0x0000000000000140                . = ALIGN (0x4)
 *(.text)
 .text          0x0000000000000140       0x60 d:/dev/mounriver/mounriver_studio/toolchain/risc-v embedded gcc/bin/../lib/gcc/riscv-none-embed/8.2.0/rv32imacxw/ilp32\libgcc.a(save-restore.o)
                0x0000000000000140                __riscv_save_12
                0x0000000000000148                __riscv_save_9
                0x0000000000000148                __riscv_save_11
                0x0000000000000148                __riscv_save_10
                0x0000000000000148                __riscv_save_8
                0x0000000000000156                __riscv_save_4
                0x0000000000000156                __riscv_save_6
                0x0000000000000156                __riscv_save_5
                0x0000000000000156                __riscv_save_7
                0x0000000000000170                __riscv_save_3
                0x0000000000000170                __riscv_save_2
                0x0000000000000170                __riscv_save_1
                0x0000000000000170                __riscv_save_0
                0x000000000000017c                __riscv_restore_12
                0x0000000000000180                __riscv_restore_11
                0x0000000000000180                __riscv_restore_9
                0x0000000000000180                __riscv_restore_10
                0x0000000000000180                __riscv_restore_8
                0x000000000000018a                __riscv_restore_5
                0x000000000000018a                __riscv_restore_7
                0x000000000000018a                __riscv_restore_6
                0x000000000000018a                __riscv_restore_4
                0x0000000000000194                __riscv_restore_3
                0x0000000000000194                __riscv_restore_0
                0x0000000000000194                __riscv_restore_2
                0x0000000000000194                __riscv_restore_1
 .text          0x00000000000001a0       0xa8 d:/dev/mounriver/mounriver_studio/toolchain/risc-v embedded gcc/bin/../lib/gcc/riscv-none-embed/8.2.0/../../../../riscv-none-embed/lib/rv32imacxw/ilp32\libg_nano.a(lib_a-memset.o)
                0x00000000000001a0                memset
 *(.text.*)
 .text.NMI_Handler
                0x0000000000000248        0x4 ./User/ch32v20x_it.o
                0x0000000000000248                NMI_Handler
 .text.HardFault_Handler
                0x000000000000024c        0x2 ./User/ch32v20x_it.o
                0x000000000000024c                HardFault_Handler
 .text.FONT_Get
                0x000000000000024e       0x24 ./User/font.o
                0x000000000000024e                FONT_Get
 .text.FONT_Size
                0x0000000000000272       0x3c ./User/font.o
                0x0000000000000272                FONT_Size
 .text.HX711_Init
                0x00000000000002ae       0x7c ./User/hx711.o
                0x00000000000002ae                HX711_Init
 .text.HX711_Ready
                0x000000000000032a       0x20 ./User/hx711.o
                0x000000000000032a                HX711_Ready
 .text.HX711_GetValue
                0x000000000000034a       0x62 ./User/hx711.o
                0x000000000000034a                HX711_GetValue
 .text.HX711_Switch
                0x00000000000003ac       0x38 ./User/hx711.o
                0x00000000000003ac                HX711_Switch
 .text.GPIOx_Init
                0x00000000000003e4       0x40 ./User/main.o
                0x00000000000003e4                GPIOx_Init
 .text.TIMx_Init
                0x0000000000000424       0x88 ./User/main.o
                0x0000000000000424                TIMx_Init
 .text.VBAT_Get
                0x00000000000004ac       0x90 ./User/main.o
                0x00000000000004ac                VBAT_Get
 .text.VBAT_WaitStable
                0x000000000000053c       0x18 ./User/main.o
                0x000000000000053c                VBAT_WaitStable
 .text.SCL_Get  0x0000000000000554       0x7c ./User/main.o
                0x0000000000000554                SCL_Get
 .text.SCL_WaitStable
                0x00000000000005d0       0x18 ./User/main.o
                0x00000000000005d0                SCL_WaitStable
 .text.SCL_GetGram
                0x00000000000005e8       0x30 ./User/main.o
                0x00000000000005e8                SCL_GetGram
 .text.startup.main
                0x0000000000000618      0x42a ./User/main.o
                0x0000000000000618                main
 .text.IIC_Init
                0x0000000000000a42       0x96 ./User/oled.o
                0x0000000000000a42                IIC_Init
 .text.cmd      0x0000000000000ad8       0xba ./User/oled.o
                0x0000000000000ad8                cmd
 .text.dats     0x0000000000000b92       0xca ./User/oled.o
                0x0000000000000b92                dats
 .text.pos      0x0000000000000c5c       0x24 ./User/oled.o
                0x0000000000000c5c                pos
 .text.OLED_Clear
                0x0000000000000c80       0x34 ./User/oled.o
                0x0000000000000c80                OLED_Clear
 .text.OLED_Init
                0x0000000000000cb4       0x9a ./User/oled.o
                0x0000000000000cb4                OLED_Init
 .text.OLED_Char
                0x0000000000000d4e       0xb0 ./User/oled.o
                0x0000000000000d4e                OLED_Char
 .text.OLED_Print
                0x0000000000000dfe       0x96 ./User/oled.o
                0x0000000000000dfe                OLED_Print
 .text.OLED_Printfc
                0x0000000000000e94       0x8e ./User/oled.o
                0x0000000000000e94                OLED_Printfc
 .text.SystemInit
                0x0000000000000f22       0xea ./User/system_ch32v20x.o
                0x0000000000000f22                SystemInit
 .text.SystemCoreClockUpdate
                0x000000000000100c       0x92 ./User/system_ch32v20x.o
                0x000000000000100c                SystemCoreClockUpdate
 .text.vector_handler
                0x000000000000109e       0x6c ./Startup/startup_ch32v20x_D6.o
                0x00000000000010a2                Ecall_M_Mode_Handler
                0x00000000000010a4                Ecall_U_Mode_Handler
                0x00000000000010a6                Break_Point_Handler
                0x00000000000010a8                SysTick_Handler
                0x00000000000010aa                SW_Handler
                0x00000000000010ac                WWDG_IRQHandler
                0x00000000000010ae                PVD_IRQHandler
                0x00000000000010b0                TAMPER_IRQHandler
                0x00000000000010b2                RTC_IRQHandler
                0x00000000000010b4                FLASH_IRQHandler
                0x00000000000010b6                RCC_IRQHandler
                0x00000000000010b8                EXTI0_IRQHandler
                0x00000000000010ba                EXTI1_IRQHandler
                0x00000000000010bc                EXTI2_IRQHandler
                0x00000000000010be                EXTI3_IRQHandler
                0x00000000000010c0                EXTI4_IRQHandler
                0x00000000000010c2                DMA1_Channel1_IRQHandler
                0x00000000000010c4                DMA1_Channel2_IRQHandler
                0x00000000000010c6                DMA1_Channel3_IRQHandler
                0x00000000000010c8                DMA1_Channel4_IRQHandler
                0x00000000000010ca                DMA1_Channel5_IRQHandler
                0x00000000000010cc                DMA1_Channel6_IRQHandler
                0x00000000000010ce                DMA1_Channel7_IRQHandler
                0x00000000000010d0                ADC1_2_IRQHandler
                0x00000000000010d2                USB_HP_CAN1_TX_IRQHandler
                0x00000000000010d4                USB_LP_CAN1_RX0_IRQHandler
                0x00000000000010d6                CAN1_RX1_IRQHandler
                0x00000000000010d8                CAN1_SCE_IRQHandler
                0x00000000000010da                EXTI9_5_IRQHandler
                0x00000000000010dc                TIM1_BRK_IRQHandler
                0x00000000000010de                TIM1_UP_IRQHandler
                0x00000000000010e0                TIM1_TRG_COM_IRQHandler
                0x00000000000010e2                TIM1_CC_IRQHandler
                0x00000000000010e4                TIM2_IRQHandler
                0x00000000000010e6                TIM3_IRQHandler
                0x00000000000010e8                TIM4_IRQHandler
                0x00000000000010ea                I2C1_EV_IRQHandler
                0x00000000000010ec                I2C1_ER_IRQHandler
                0x00000000000010ee                I2C2_EV_IRQHandler
                0x00000000000010f0                I2C2_ER_IRQHandler
                0x00000000000010f2                SPI1_IRQHandler
                0x00000000000010f4                SPI2_IRQHandler
                0x00000000000010f6                USART1_IRQHandler
                0x00000000000010f8                USART2_IRQHandler
                0x00000000000010fa                USART3_IRQHandler
                0x00000000000010fc                EXTI15_10_IRQHandler
                0x00000000000010fe                RTCAlarm_IRQHandler
                0x0000000000001100                USBWakeUp_IRQHandler
                0x0000000000001102                USBHD_IRQHandler
                0x0000000000001104                USBHDWakeUp_IRQHandler
                0x0000000000001106                UART4_IRQHandler
                0x0000000000001108                DMA1_Channel8_IRQHandler
 .text.handle_reset
                0x000000000000110a       0x86 ./Startup/startup_ch32v20x_D6.o
                0x000000000000110a                handle_reset
 .text.GPIO_Init
                0x0000000000001190       0xf2 ./Peripheral/src/ch32v20x_gpio.o
                0x0000000000001190                GPIO_Init
 .text.GPIO_ResetBits
                0x0000000000001282       0x14 ./Peripheral/src/ch32v20x_gpio.o
                0x0000000000001282                GPIO_ResetBits
 .text.GPIO_WriteBit
                0x0000000000001296       0x1a ./Peripheral/src/ch32v20x_gpio.o
                0x0000000000001296                GPIO_WriteBit
 .text.I2C_Init
                0x00000000000012b0       0xf2 ./Peripheral/src/ch32v20x_i2c.o
                0x00000000000012b0                I2C_Init
 .text.I2C_Cmd  0x00000000000013a2       0x18 ./Peripheral/src/ch32v20x_i2c.o
                0x00000000000013a2                I2C_Cmd
 .text.I2C_GenerateSTART
                0x00000000000013ba       0x1a ./Peripheral/src/ch32v20x_i2c.o
                0x00000000000013ba                I2C_GenerateSTART
 .text.I2C_GenerateSTOP
                0x00000000000013d4       0x1a ./Peripheral/src/ch32v20x_i2c.o
                0x00000000000013d4                I2C_GenerateSTOP
 .text.I2C_AcknowledgeConfig
                0x00000000000013ee       0x1a ./Peripheral/src/ch32v20x_i2c.o
                0x00000000000013ee                I2C_AcknowledgeConfig
 .text.I2C_SendData
                0x0000000000001408        0x4 ./Peripheral/src/ch32v20x_i2c.o
                0x0000000000001408                I2C_SendData
 .text.I2C_Send7bitAddress
                0x000000000000140c       0x12 ./Peripheral/src/ch32v20x_i2c.o
                0x000000000000140c                I2C_Send7bitAddress
 .text.I2C_CheckEvent
                0x000000000000141e       0x16 ./Peripheral/src/ch32v20x_i2c.o
                0x000000000000141e                I2C_CheckEvent
 .text.I2C_GetFlagStatus
                0x0000000000001434       0x32 ./Peripheral/src/ch32v20x_i2c.o
                0x0000000000001434                I2C_GetFlagStatus
 .text.NVIC_PriorityGroupConfig
                0x0000000000001466        0x6 ./Peripheral/src/ch32v20x_misc.o
                0x0000000000001466                NVIC_PriorityGroupConfig
 .text.RCC_GetClocksFreq
                0x000000000000146c       0xbe ./Peripheral/src/ch32v20x_rcc.o
                0x000000000000146c                RCC_GetClocksFreq
 .text.RCC_APB2PeriphClockCmd
                0x000000000000152a       0x1e ./Peripheral/src/ch32v20x_rcc.o
                0x000000000000152a                RCC_APB2PeriphClockCmd
 .text.RCC_APB1PeriphClockCmd
                0x0000000000001548       0x1e ./Peripheral/src/ch32v20x_rcc.o
                0x0000000000001548                RCC_APB1PeriphClockCmd
 .text.TIM_Cmd  0x0000000000001566       0x18 ./Peripheral/src/ch32v20x_tim.o
                0x0000000000001566                TIM_Cmd
 .text.TIM_PrescalerConfig
                0x000000000000157e        0x6 ./Peripheral/src/ch32v20x_tim.o
                0x000000000000157e                TIM_PrescalerConfig
 .text.TIM_CounterModeConfig
                0x0000000000001584       0x10 ./Peripheral/src/ch32v20x_tim.o
                0x0000000000001584                TIM_CounterModeConfig
 .text.TIM_SelectInputTrigger
                0x0000000000001594       0x10 ./Peripheral/src/ch32v20x_tim.o
                0x0000000000001594                TIM_SelectInputTrigger
 .text.TIM_SelectOutputTrigger
                0x00000000000015a4       0x18 ./Peripheral/src/ch32v20x_tim.o
                0x00000000000015a4                TIM_SelectOutputTrigger
 .text.TIM_SelectSlaveMode
                0x00000000000015bc       0x16 ./Peripheral/src/ch32v20x_tim.o
                0x00000000000015bc                TIM_SelectSlaveMode
 .text.TIM_SetAutoreload
                0x00000000000015d2        0x4 ./Peripheral/src/ch32v20x_tim.o
                0x00000000000015d2                TIM_SetAutoreload
 .text.Delay_Init
                0x00000000000015d6       0x2a ./Core/delay.o
                0x00000000000015d6                Delay_Init
 .text.Delay_Us
                0x0000000000001600       0x36 ./Core/delay.o
                0x0000000000001600                Delay_Us
 .text.Delay_Ms
                0x0000000000001636       0x36 ./Core/delay.o
                0x0000000000001636                Delay_Ms
 .text.__subdf3
                0x000000000000166c      0x73e d:/dev/mounriver/mounriver_studio/toolchain/risc-v embedded gcc/bin/../lib/gcc/riscv-none-embed/8.2.0/rv32imacxw/ilp32\libgcc.a(subdf3.o)
                0x000000000000166c                __subdf3
 .text.__addsf3
                0x0000000000001daa      0x36a d:/dev/mounriver/mounriver_studio/toolchain/risc-v embedded gcc/bin/../lib/gcc/riscv-none-embed/8.2.0/rv32imacxw/ilp32\libgcc.a(addsf3.o)
                0x0000000000001daa                __addsf3
 .text.__divsf3
                0x0000000000002114      0x2b2 d:/dev/mounriver/mounriver_studio/toolchain/risc-v embedded gcc/bin/../lib/gcc/riscv-none-embed/8.2.0/rv32imacxw/ilp32\libgcc.a(divsf3.o)
                0x0000000000002114                __divsf3
 .text.__gesf2  0x00000000000023c6       0x86 d:/dev/mounriver/mounriver_studio/toolchain/risc-v embedded gcc/bin/../lib/gcc/riscv-none-embed/8.2.0/rv32imacxw/ilp32\libgcc.a(gesf2.o)
                0x00000000000023c6                __gesf2
                0x00000000000023c6                __gtsf2
 .text.__lesf2  0x000000000000244c       0x8c d:/dev/mounriver/mounriver_studio/toolchain/risc-v embedded gcc/bin/../lib/gcc/riscv-none-embed/8.2.0/rv32imacxw/ilp32\libgcc.a(lesf2.o)
                0x000000000000244c                __ltsf2
                0x000000000000244c                __lesf2
 .text.__mulsf3
                0x00000000000024d8      0x294 d:/dev/mounriver/mounriver_studio/toolchain/risc-v embedded gcc/bin/../lib/gcc/riscv-none-embed/8.2.0/rv32imacxw/ilp32\libgcc.a(mulsf3.o)
                0x00000000000024d8                __mulsf3
 .text.__subsf3
                0x000000000000276c      0x388 d:/dev/mounriver/mounriver_studio/toolchain/risc-v embedded gcc/bin/../lib/gcc/riscv-none-embed/8.2.0/rv32imacxw/ilp32\libgcc.a(subsf3.o)
                0x000000000000276c                __subsf3
 .text.__fixsfsi
                0x0000000000002af4       0x62 d:/dev/mounriver/mounriver_studio/toolchain/risc-v embedded gcc/bin/../lib/gcc/riscv-none-embed/8.2.0/rv32imacxw/ilp32\libgcc.a(fixsfsi.o)
                0x0000000000002af4                __fixsfsi
 .text.__floatsisf
                0x0000000000002b56       0xc6 d:/dev/mounriver/mounriver_studio/toolchain/risc-v embedded gcc/bin/../lib/gcc/riscv-none-embed/8.2.0/rv32imacxw/ilp32\libgcc.a(floatsisf.o)
                0x0000000000002b56                __floatsisf
 .text.__floatunsisf
                0x0000000000002c1c       0xce d:/dev/mounriver/mounriver_studio/toolchain/risc-v embedded gcc/bin/../lib/gcc/riscv-none-embed/8.2.0/rv32imacxw/ilp32\libgcc.a(floatunsisf.o)
                0x0000000000002c1c                __floatunsisf
 .text.__extendsfdf2
                0x0000000000002cea       0xac d:/dev/mounriver/mounriver_studio/toolchain/risc-v embedded gcc/bin/../lib/gcc/riscv-none-embed/8.2.0/rv32imacxw/ilp32\libgcc.a(extendsfdf2.o)
                0x0000000000002cea                __extendsfdf2
 .text.__truncdfsf2
                0x0000000000002d96      0x16a d:/dev/mounriver/mounriver_studio/toolchain/risc-v embedded gcc/bin/../lib/gcc/riscv-none-embed/8.2.0/rv32imacxw/ilp32\libgcc.a(truncdfsf2.o)
                0x0000000000002d96                __truncdfsf2
 .text.__clzsi2
                0x0000000000002f00       0x6e d:/dev/mounriver/mounriver_studio/toolchain/risc-v embedded gcc/bin/../lib/gcc/riscv-none-embed/8.2.0/rv32imacxw/ilp32\libgcc.a(_clzsi2.o)
                0x0000000000002f00                __clzsi2
 .text.malloc   0x0000000000002f6e        0xa d:/dev/mounriver/mounriver_studio/toolchain/risc-v embedded gcc/bin/../lib/gcc/riscv-none-embed/8.2.0/../../../../riscv-none-embed/lib/rv32imacxw/ilp32\libg_nano.a(lib_a-malloc.o)
                0x0000000000002f6e                malloc
 .text.free     0x0000000000002f78        0xa d:/dev/mounriver/mounriver_studio/toolchain/risc-v embedded gcc/bin/../lib/gcc/riscv-none-embed/8.2.0/../../../../riscv-none-embed/lib/rv32imacxw/ilp32\libg_nano.a(lib_a-malloc.o)
                0x0000000000002f78                free
 .text.memmove  0x0000000000002f82       0x46 d:/dev/mounriver/mounriver_studio/toolchain/risc-v embedded gcc/bin/../lib/gcc/riscv-none-embed/8.2.0/../../../../riscv-none-embed/lib/rv32imacxw/ilp32\libg_nano.a(lib_a-memmove.o)
                0x0000000000002f82                memmove
 .text._free_r  0x0000000000002fc8       0xa4 d:/dev/mounriver/mounriver_studio/toolchain/risc-v embedded gcc/bin/../lib/gcc/riscv-none-embed/8.2.0/../../../../riscv-none-embed/lib/rv32imacxw/ilp32\libg_nano.a(lib_a-nano-freer.o)
                0x0000000000002fc8                _free_r
 .text._malloc_r
                0x000000000000306c       0xce d:/dev/mounriver/mounriver_studio/toolchain/risc-v embedded gcc/bin/../lib/gcc/riscv-none-embed/8.2.0/../../../../riscv-none-embed/lib/rv32imacxw/ilp32\libg_nano.a(lib_a-nano-mallocr.o)
                0x000000000000306c                _malloc_r
 .text._sbrk_r  0x000000000000313a       0x2a d:/dev/mounriver/mounriver_studio/toolchain/risc-v embedded gcc/bin/../lib/gcc/riscv-none-embed/8.2.0/../../../../riscv-none-embed/lib/rv32imacxw/ilp32\libg_nano.a(lib_a-sbrkr.o)
                0x000000000000313a                _sbrk_r
 .text.strlen   0x0000000000003164       0x12 d:/dev/mounriver/mounriver_studio/toolchain/risc-v embedded gcc/bin/../lib/gcc/riscv-none-embed/8.2.0/../../../../riscv-none-embed/lib/rv32imacxw/ilp32\libg_nano.a(lib_a-strlen.o)
                0x0000000000003164                strlen
 .text._vsprintf_r
                0x0000000000003176       0x2c d:/dev/mounriver/mounriver_studio/toolchain/risc-v embedded gcc/bin/../lib/gcc/riscv-none-embed/8.2.0/../../../../riscv-none-embed/lib/rv32imacxw/ilp32\libg_nano.a(lib_a-vsprintf.o)
                0x0000000000003176                _vsprintf_r
                0x0000000000003176                _vsiprintf_r
 .text.vsprintf
                0x00000000000031a2        0xe d:/dev/mounriver/mounriver_studio/toolchain/risc-v embedded gcc/bin/../lib/gcc/riscv-none-embed/8.2.0/../../../../riscv-none-embed/lib/rv32imacxw/ilp32\libg_nano.a(lib_a-vsprintf.o)
                0x00000000000031a2                vsiprintf
                0x00000000000031a2                vsprintf
 .text.__malloc_lock
                0x00000000000031b0        0x2 d:/dev/mounriver/mounriver_studio/toolchain/risc-v embedded gcc/bin/../lib/gcc/riscv-none-embed/8.2.0/../../../../riscv-none-embed/lib/rv32imacxw/ilp32\libg_nano.a(lib_a-mlock.o)
                0x00000000000031b0                __malloc_lock
 .text.__malloc_unlock
                0x00000000000031b2        0x2 d:/dev/mounriver/mounriver_studio/toolchain/risc-v embedded gcc/bin/../lib/gcc/riscv-none-embed/8.2.0/../../../../riscv-none-embed/lib/rv32imacxw/ilp32\libg_nano.a(lib_a-mlock.o)
                0x00000000000031b2                __malloc_unlock
 .text.__ssputs_r
                0x00000000000031b4       0xde d:/dev/mounriver/mounriver_studio/toolchain/risc-v embedded gcc/bin/../lib/gcc/riscv-none-embed/8.2.0/../../../../riscv-none-embed/lib/rv32imacxw/ilp32\libg_nano.a(lib_a-nano-svfprintf.o)
                0x00000000000031b4                __ssputs_r
 .text._svfprintf_r
                0x0000000000003292      0x262 d:/dev/mounriver/mounriver_studio/toolchain/risc-v embedded gcc/bin/../lib/gcc/riscv-none-embed/8.2.0/../../../../riscv-none-embed/lib/rv32imacxw/ilp32\libg_nano.a(lib_a-nano-svfprintf.o)
                0x0000000000003292                _svfiprintf_r
                0x0000000000003292                _svfprintf_r
 .text._printf_common
                0x00000000000034f4      0x10c d:/dev/mounriver/mounriver_studio/toolchain/risc-v embedded gcc/bin/../lib/gcc/riscv-none-embed/8.2.0/../../../../riscv-none-embed/lib/rv32imacxw/ilp32\libg_nano.a(lib_a-nano-vfprintf_i.o)
                0x00000000000034f4                _printf_common
 .text._printf_i
                0x0000000000003600      0x2a2 d:/dev/mounriver/mounriver_studio/toolchain/risc-v embedded gcc/bin/../lib/gcc/riscv-none-embed/8.2.0/../../../../riscv-none-embed/lib/rv32imacxw/ilp32\libg_nano.a(lib_a-nano-vfprintf_i.o)
                0x0000000000003600                _printf_i
 .text.memchr   0x00000000000038a2       0x18 d:/dev/mounriver/mounriver_studio/toolchain/risc-v embedded gcc/bin/../lib/gcc/riscv-none-embed/8.2.0/../../../../riscv-none-embed/lib/rv32imacxw/ilp32\libg_nano.a(lib_a-memchr.o)
                0x00000000000038a2                memchr
 .text.memcpy   0x00000000000038ba       0xb2 d:/dev/mounriver/mounriver_studio/toolchain/risc-v embedded gcc/bin/../lib/gcc/riscv-none-embed/8.2.0/../../../../riscv-none-embed/lib/rv32imacxw/ilp32\libg_nano.a(lib_a-memcpy.o)
                0x00000000000038ba                memcpy
 .text._realloc_r
                0x000000000000396c       0x56 d:/dev/mounriver/mounriver_studio/toolchain/risc-v embedded gcc/bin/../lib/gcc/riscv-none-embed/8.2.0/../../../../riscv-none-embed/lib/rv32imacxw/ilp32\libg_nano.a(lib_a-nano-reallocr.o)
                0x000000000000396c                _realloc_r
 .text._malloc_usable_size_r
                0x00000000000039c2       0x14 d:/dev/mounriver/mounriver_studio/toolchain/risc-v embedded gcc/bin/../lib/gcc/riscv-none-embed/8.2.0/../../../../riscv-none-embed/lib/rv32imacxw/ilp32\libg_nano.a(lib_a-nano-msizer.o)
                0x00000000000039c2                _malloc_usable_size_r
 .text._sbrk    0x00000000000039d6       0x20 d:/dev/mounriver/mounriver_studio/toolchain/risc-v embedded gcc/bin/../lib/gcc/riscv-none-embed/8.2.0/../../../../riscv-none-embed/lib/rv32imacxw/ilp32\libnosys.a(sbrk.o)
                0x00000000000039d6                _sbrk
 *(.rodata)
 *(.rodata*)
 *fill*         0x00000000000039f6        0x2 
 .rodata.font_16x24
                0x00000000000039f8      0xb10 ./User/font.o
 .rodata.font_6x8
                0x0000000000004508      0x228 ./User/font.o
 .rodata.font_8x8
                0x0000000000004730      0x300 ./User/font.o
 .rodata.SCL_Get.cst4
                0x0000000000004a30        0x4 ./User/main.o
 .rodata.SCL_GetGram.cst4
                0x0000000000004a34        0x4 ./User/main.o
 .rodata.SCL_GetGram.cst8
                0x0000000000004a38        0x8 ./User/main.o
 .rodata.VBAT_Get.cst4
                0x0000000000004a40       0x14 ./User/main.o
 .rodata.main.cst4
                0x0000000000004a54       0x24 ./User/main.o
 .rodata.main.str1.4
                0x0000000000004a78       0x72 ./User/main.o
 *fill*         0x0000000000004aea        0x2 
 .rodata.__divsf3
                0x0000000000004aec       0x80 d:/dev/mounriver/mounriver_studio/toolchain/risc-v embedded gcc/bin/../lib/gcc/riscv-none-embed/8.2.0/rv32imacxw/ilp32\libgcc.a(divsf3.o)
 .rodata.__mulsf3
                0x0000000000004b6c       0x40 d:/dev/mounriver/mounriver_studio/toolchain/risc-v embedded gcc/bin/../lib/gcc/riscv-none-embed/8.2.0/rv32imacxw/ilp32\libgcc.a(mulsf3.o)
 .rodata.__clz_tab
                0x0000000000004bac      0x100 d:/dev/mounriver/mounriver_studio/toolchain/risc-v embedded gcc/bin/../lib/gcc/riscv-none-embed/8.2.0/rv32imacxw/ilp32\libgcc.a(_clz.o)
                0x0000000000004bac                __clz_tab
 .rodata._svfprintf_r.str1.4
                0x0000000000004cac       0x13 d:/dev/mounriver/mounriver_studio/toolchain/risc-v embedded gcc/bin/../lib/gcc/riscv-none-embed/8.2.0/../../../../riscv-none-embed/lib/rv32imacxw/ilp32\libg_nano.a(lib_a-nano-svfprintf.o)
 *fill*         0x0000000000004cbf        0x1 
 .rodata._printf_i.str1.4
                0x0000000000004cc0       0x28 d:/dev/mounriver/mounriver_studio/toolchain/risc-v embedded gcc/bin/../lib/gcc/riscv-none-embed/8.2.0/../../../../riscv-none-embed/lib/rv32imacxw/ilp32\libg_nano.a(lib_a-nano-vfprintf_i.o)
                                         0x25 (size before relaxing)
 *(.gnu.linkonce.t.*)
                0x0000000000004ce8                . = ALIGN (0x4)

.rela.dyn       0x0000000000004ce8        0x0
 .rela.init     0x0000000000004ce8        0x0 ./User/ch32v20x_it.o
 .rela.vector   0x0000000000004ce8        0x0 ./User/ch32v20x_it.o
 .rela.text.handle_reset
                0x0000000000004ce8        0x0 ./User/ch32v20x_it.o
 .rela.text._sbrk_r
                0x0000000000004ce8        0x0 ./User/ch32v20x_it.o
 .rela.data.impure_data
                0x0000000000004ce8        0x0 ./User/ch32v20x_it.o
 .rela.text._svfprintf_r
                0x0000000000004ce8        0x0 ./User/ch32v20x_it.o
 .rela.text._sbrk
                0x0000000000004ce8        0x0 ./User/ch32v20x_it.o

.fini           0x0000000000004ce8        0x0
 *(SORT_NONE(.fini))
                0x0000000000004ce8                . = ALIGN (0x4)
                [!provide]                        PROVIDE (_etext = .)
                [!provide]                        PROVIDE (_eitcm = .)

.preinit_array  0x0000000000004ce8        0x0
                [!provide]                        PROVIDE (__preinit_array_start = .)
 *(.preinit_array)
                [!provide]                        PROVIDE (__preinit_array_end = .)

.init_array     0x0000000000004ce8        0x0
                [!provide]                        PROVIDE (__init_array_start = .)
 *(SORT_BY_INIT_PRIORITY(.init_array.*) SORT_BY_INIT_PRIORITY(.ctors.*))
 *(.init_array EXCLUDE_FILE(*crtend?.o *crtend.o *crtbegin?.o *crtbegin.o) .ctors)
                [!provide]                        PROVIDE (__init_array_end = .)

.fini_array     0x0000000000004ce8        0x0
                [!provide]                        PROVIDE (__fini_array_start = .)
 *(SORT_BY_INIT_PRIORITY(.fini_array.*) SORT_BY_INIT_PRIORITY(.dtors.*))
 *(.fini_array EXCLUDE_FILE(*crtend?.o *crtend.o *crtbegin?.o *crtbegin.o) .dtors)
                [!provide]                        PROVIDE (__fini_array_end = .)

.ctors
 *crtbegin.o(.ctors)
 *crtbegin?.o(.ctors)
 *(EXCLUDE_FILE(*crtend?.o *crtend.o) .ctors)
 *(SORT_BY_NAME(.ctors.*))
 *(.ctors)

.dtors
 *crtbegin.o(.dtors)
 *crtbegin?.o(.dtors)
 *(EXCLUDE_FILE(*crtend?.o *crtend.o) .dtors)
 *(SORT_BY_NAME(.dtors.*))
 *(.dtors)

.dalign         0x0000000020000000        0x0 load address 0x0000000000004ce8
                0x0000000020000000                . = ALIGN (0x4)
                0x0000000020000000                PROVIDE (_data_vma = .)

.dlalign        0x0000000000004ce8        0x0
                0x0000000000004ce8                . = ALIGN (0x4)
                0x0000000000004ce8                PROVIDE (_data_lma = .)

.data           0x0000000020000000       0x90 load address 0x0000000000004ce8
 *(.gnu.linkonce.r.*)
 *(.data .data.*)
 .data.AHBPrescTable
                0x0000000020000000       0x10 ./User/system_ch32v20x.o
                0x0000000020000000                AHBPrescTable
 .data.APBAHBPrescTable
                0x0000000020000010       0x10 ./Peripheral/src/ch32v20x_rcc.o
 .data.impure_data
                0x0000000020000020       0x60 d:/dev/mounriver/mounriver_studio/toolchain/risc-v embedded gcc/bin/../lib/gcc/riscv-none-embed/8.2.0/../../../../riscv-none-embed/lib/rv32imacxw/ilp32\libg_nano.a(lib_a-impure.o)
 *(.gnu.linkonce.d.*)
                0x0000000020000080                . = ALIGN (0x8)
                0x0000000020000880                PROVIDE (__global_pointer$ = (. + 0x800))
 *(.sdata .sdata.*)
 .sdata.SystemCoreClock
                0x0000000020000080        0x4 ./User/system_ch32v20x.o
                0x0000000020000080                SystemCoreClock
 .sdata.ADCPrescTable
                0x0000000020000084        0x4 ./Peripheral/src/ch32v20x_rcc.o
 .sdata._impure_ptr
                0x0000000020000088        0x4 d:/dev/mounriver/mounriver_studio/toolchain/risc-v embedded gcc/bin/../lib/gcc/riscv-none-embed/8.2.0/../../../../riscv-none-embed/lib/rv32imacxw/ilp32\libg_nano.a(lib_a-impure.o)
                0x0000000020000088                _impure_ptr
 *(.sdata2.*)
 *(.gnu.linkonce.s.*)
                0x0000000020000090                . = ALIGN (0x8)
 *fill*         0x000000002000008c        0x4 
 *(.srodata.cst16)
 *(.srodata.cst8)
 *(.srodata.cst4)
 *(.srodata.cst2)
 *(.srodata .srodata.*)
                0x0000000020000090                . = ALIGN (0x4)
                0x0000000020000090                PROVIDE (_edata = .)

.bss            0x0000000020000090      0x13c load address 0x0000000000004d78
                0x0000000020000090                . = ALIGN (0x4)
                0x0000000020000090                PROVIDE (_sbss = .)
 *(.sbss*)
 .sbss.sck_cnt  0x0000000020000090        0x1 ./User/hx711.o
 .sbss.tpa_down
                0x0000000020000091        0x1 ./User/main.o
                0x0000000020000091                tpa_down
 .sbss.tpb_down
                0x0000000020000092        0x1 ./User/main.o
                0x0000000020000092                tpb_down
 .sbss.MCU_Version
                0x0000000020000093        0x1 ./Peripheral/src/ch32v20x_gpio.o
                0x0000000020000093                MCU_Version
 .sbss.NVIC_Priority_Group
                0x0000000020000094        0x4 ./Peripheral/src/ch32v20x_misc.o
                0x0000000020000094                NVIC_Priority_Group
 .sbss.p_ms     0x0000000020000098        0x2 ./Core/delay.o
 .sbss.p_us     0x000000002000009a        0x1 ./Core/delay.o
 *fill*         0x000000002000009b        0x1 
 .sbss.__malloc_free_list
                0x000000002000009c        0x4 d:/dev/mounriver/mounriver_studio/toolchain/risc-v embedded gcc/bin/../lib/gcc/riscv-none-embed/8.2.0/../../../../riscv-none-embed/lib/rv32imacxw/ilp32\libg_nano.a(lib_a-nano-mallocr.o)
                0x000000002000009c                __malloc_free_list
 .sbss.__malloc_sbrk_start
                0x00000000200000a0        0x4 d:/dev/mounriver/mounriver_studio/toolchain/risc-v embedded gcc/bin/../lib/gcc/riscv-none-embed/8.2.0/../../../../riscv-none-embed/lib/rv32imacxw/ilp32\libg_nano.a(lib_a-nano-mallocr.o)
                0x00000000200000a0                __malloc_sbrk_start
 .sbss.heap_end.1518
                0x00000000200000a4        0x4 d:/dev/mounriver/mounriver_studio/toolchain/risc-v embedded gcc/bin/../lib/gcc/riscv-none-embed/8.2.0/../../../../riscv-none-embed/lib/rv32imacxw/ilp32\libnosys.a(sbrk.o)
 *(.gnu.linkonce.sb.*)
 *(.bss*)
 .bss.sclBuf    0x00000000200000a8       0x50 ./User/main.o
                0x00000000200000a8                sclBuf
 .bss.vbatBuf   0x00000000200000f8       0x50 ./User/main.o
                0x00000000200000f8                vbatBuf
 .bss.buffer    0x0000000020000148       0x80 ./User/oled.o
 *(.gnu.linkonce.b.*)
 *(COMMON*)
 COMMON         0x00000000200001c8        0x4 d:/dev/mounriver/mounriver_studio/toolchain/risc-v embedded gcc/bin/../lib/gcc/riscv-none-embed/8.2.0/../../../../riscv-none-embed/lib/rv32imacxw/ilp32\libg_nano.a(lib_a-reent.o)
                0x00000000200001c8                errno
                0x00000000200001cc                . = ALIGN (0x4)
                0x00000000200001cc                PROVIDE (_ebss = .)
                [!provide]                        PROVIDE (_end = _ebss)
                0x00000000200001cc                PROVIDE (end = .)

.stack          0x0000000020002000      0x800
                [!provide]                        PROVIDE (_heap_end = .)
                0x0000000020002000                . = ALIGN (0x4)
                [!provide]                        PROVIDE (_susrstack = .)
                0x0000000020002800                . = (. + __stack_size)
 *fill*         0x0000000020002000      0x800 
                0x0000000020002800                PROVIDE (_eusrstack = .)
OUTPUT(NSSCL.elf elf32-littleriscv)

.debug_info     0x0000000000000000     0x95f0
 .debug_info    0x0000000000000000       0xb4 ./User/ch32v20x_it.o
 .debug_info    0x00000000000000b4      0x185 ./User/font.o
 .debug_info    0x0000000000000239      0xd8e ./User/hx711.o
 .debug_info    0x0000000000000fc7     0x16aa ./User/main.o
 .debug_info    0x0000000000002671     0x1a9a ./User/oled.o
 .debug_info    0x000000000000410b      0x2db ./User/system_ch32v20x.o
 .debug_info    0x00000000000043e6       0x22 ./Startup/startup_ch32v20x_D6.o
 .debug_info    0x0000000000004408      0xa1a ./Peripheral/src/ch32v20x_gpio.o
 .debug_info    0x0000000000004e22      0xbd1 ./Peripheral/src/ch32v20x_i2c.o
 .debug_info    0x00000000000059f3      0x5ce ./Peripheral/src/ch32v20x_misc.o
 .debug_info    0x0000000000005fc1      0x9ae ./Peripheral/src/ch32v20x_rcc.o
 .debug_info    0x000000000000696f     0x2210 ./Peripheral/src/ch32v20x_tim.o
 .debug_info    0x0000000000008b7f      0xa71 ./Core/delay.o

.debug_abbrev   0x0000000000000000     0x1b1f
 .debug_abbrev  0x0000000000000000       0x66 ./User/ch32v20x_it.o
 .debug_abbrev  0x0000000000000066       0xd7 ./User/font.o
 .debug_abbrev  0x000000000000013d      0x2d3 ./User/hx711.o
 .debug_abbrev  0x0000000000000410      0x2f8 ./User/main.o
 .debug_abbrev  0x0000000000000708      0x3eb ./User/oled.o
 .debug_abbrev  0x0000000000000af3      0x19f ./User/system_ch32v20x.o
 .debug_abbrev  0x0000000000000c92       0x12 ./Startup/startup_ch32v20x_D6.o
 .debug_abbrev  0x0000000000000ca4      0x24c ./Peripheral/src/ch32v20x_gpio.o
 .debug_abbrev  0x0000000000000ef0      0x296 ./Peripheral/src/ch32v20x_i2c.o
 .debug_abbrev  0x0000000000001186      0x1f6 ./Peripheral/src/ch32v20x_misc.o
 .debug_abbrev  0x000000000000137c      0x259 ./Peripheral/src/ch32v20x_rcc.o
 .debug_abbrev  0x00000000000015d5      0x325 ./Peripheral/src/ch32v20x_tim.o
 .debug_abbrev  0x00000000000018fa      0x225 ./Core/delay.o

.debug_aranges  0x0000000000000000      0x7c0
 .debug_aranges
                0x0000000000000000       0x28 ./User/ch32v20x_it.o
 .debug_aranges
                0x0000000000000028       0x28 ./User/font.o
 .debug_aranges
                0x0000000000000050       0x38 ./User/hx711.o
 .debug_aranges
                0x0000000000000088       0x58 ./User/main.o
 .debug_aranges
                0x00000000000000e0       0x78 ./User/oled.o
 .debug_aranges
                0x0000000000000158       0x28 ./User/system_ch32v20x.o
 .debug_aranges
                0x0000000000000180       0x30 ./Startup/startup_ch32v20x_D6.o
 .debug_aranges
                0x00000000000001b0       0xb0 ./Peripheral/src/ch32v20x_gpio.o
 .debug_aranges
                0x0000000000000260      0x110 ./Peripheral/src/ch32v20x_i2c.o
 .debug_aranges
                0x0000000000000370       0x28 ./Peripheral/src/ch32v20x_misc.o
 .debug_aranges
                0x0000000000000398      0x128 ./Peripheral/src/ch32v20x_rcc.o
 .debug_aranges
                0x00000000000004c0      0x2d0 ./Peripheral/src/ch32v20x_tim.o
 .debug_aranges
                0x0000000000000790       0x30 ./Core/delay.o

.debug_ranges   0x0000000000000000      0x870
 .debug_ranges  0x0000000000000000       0x18 ./User/ch32v20x_it.o
 .debug_ranges  0x0000000000000018       0x18 ./User/font.o
 .debug_ranges  0x0000000000000030       0x58 ./User/hx711.o
 .debug_ranges  0x0000000000000088       0xa8 ./User/main.o
 .debug_ranges  0x0000000000000130       0xd0 ./User/oled.o
 .debug_ranges  0x0000000000000200       0x38 ./User/system_ch32v20x.o
 .debug_ranges  0x0000000000000238       0x28 ./Startup/startup_ch32v20x_D6.o
 .debug_ranges  0x0000000000000260       0xa0 ./Peripheral/src/ch32v20x_gpio.o
 .debug_ranges  0x0000000000000300      0x100 ./Peripheral/src/ch32v20x_i2c.o
 .debug_ranges  0x0000000000000400       0x48 ./Peripheral/src/ch32v20x_misc.o
 .debug_ranges  0x0000000000000448      0x118 ./Peripheral/src/ch32v20x_rcc.o
 .debug_ranges  0x0000000000000560      0x2f0 ./Peripheral/src/ch32v20x_tim.o
 .debug_ranges  0x0000000000000850       0x20 ./Core/delay.o

.debug_line     0x0000000000000000     0x9d31
 .debug_line    0x0000000000000000      0x17e ./User/ch32v20x_it.o
 .debug_line    0x000000000000017e      0x212 ./User/font.o
 .debug_line    0x0000000000000390      0x5c8 ./User/hx711.o
 .debug_line    0x0000000000000958      0xed5 ./User/main.o
 .debug_line    0x000000000000182d     0x108c ./User/oled.o
 .debug_line    0x00000000000028b9      0x5b4 ./User/system_ch32v20x.o
 .debug_line    0x0000000000002e6d      0x25f ./Startup/startup_ch32v20x_D6.o
 .debug_line    0x00000000000030cc     0x1405 ./Peripheral/src/ch32v20x_gpio.o
 .debug_line    0x00000000000044d1     0x1044 ./Peripheral/src/ch32v20x_i2c.o
 .debug_line    0x0000000000005515      0x3d8 ./Peripheral/src/ch32v20x_misc.o
 .debug_line    0x00000000000058ed     0x1076 ./Peripheral/src/ch32v20x_rcc.o
 .debug_line    0x0000000000006963     0x2ff7 ./Peripheral/src/ch32v20x_tim.o
 .debug_line    0x000000000000995a      0x3d7 ./Core/delay.o

.debug_str      0x0000000000000000     0x253b
 .debug_str     0x0000000000000000      0x166 ./User/ch32v20x_it.o
                                        0x1a3 (size before relaxing)
 .debug_str     0x0000000000000166       0x4e ./User/font.o
                                        0x1a8 (size before relaxing)
 .debug_str     0x00000000000001b4      0x5de ./User/hx711.o
                                        0x79f (size before relaxing)
 .debug_str     0x0000000000000792      0x343 ./User/main.o
                                        0xa93 (size before relaxing)
 .debug_str     0x0000000000000ad5      0x1f2 ./User/oled.o
                                        0x9d2 (size before relaxing)
 .debug_str     0x0000000000000cc7       0xea ./User/system_ch32v20x.o
                                        0x2b9 (size before relaxing)
 .debug_str     0x0000000000000db1       0x2d ./Startup/startup_ch32v20x_D6.o
                                         0x40 (size before relaxing)
 .debug_str     0x0000000000000dde      0x264 ./Peripheral/src/ch32v20x_gpio.o
                                        0x5a9 (size before relaxing)
 .debug_str     0x0000000000001042      0x339 ./Peripheral/src/ch32v20x_i2c.o
                                        0x6cd (size before relaxing)
 .debug_str     0x000000000000137b      0x45f ./Peripheral/src/ch32v20x_misc.o
                                        0x672 (size before relaxing)
 .debug_str     0x00000000000017da      0x30e ./Peripheral/src/ch32v20x_rcc.o
                                        0x6a9 (size before relaxing)
 .debug_str     0x0000000000001ae8      0xa21 ./Peripheral/src/ch32v20x_tim.o
                                        0xea6 (size before relaxing)
 .debug_str     0x0000000000002509       0x32 ./Core/delay.o
                                        0x5dc (size before relaxing)

.comment        0x0000000000000000       0x33
 .comment       0x0000000000000000       0x33 ./User/ch32v20x_it.o
                                         0x34 (size before relaxing)
 .comment       0x0000000000000033       0x34 ./User/font.o
 .comment       0x0000000000000033       0x34 ./User/hx711.o
 .comment       0x0000000000000033       0x34 ./User/main.o
 .comment       0x0000000000000033       0x34 ./User/oled.o
 .comment       0x0000000000000033       0x34 ./User/system_ch32v20x.o
 .comment       0x0000000000000033       0x34 ./Peripheral/src/ch32v20x_gpio.o
 .comment       0x0000000000000033       0x34 ./Peripheral/src/ch32v20x_i2c.o
 .comment       0x0000000000000033       0x34 ./Peripheral/src/ch32v20x_misc.o
 .comment       0x0000000000000033       0x34 ./Peripheral/src/ch32v20x_rcc.o
 .comment       0x0000000000000033       0x34 ./Peripheral/src/ch32v20x_tim.o
 .comment       0x0000000000000033       0x34 ./Core/delay.o

.debug_frame    0x0000000000000000     0x1808
 .debug_frame   0x0000000000000000       0x30 ./User/ch32v20x_it.o
 .debug_frame   0x0000000000000030       0x30 ./User/font.o
 .debug_frame   0x0000000000000060       0xac ./User/hx711.o
 .debug_frame   0x000000000000010c      0x138 ./User/main.o
 .debug_frame   0x0000000000000244      0x210 ./User/oled.o
 .debug_frame   0x0000000000000454       0x3c ./User/system_ch32v20x.o
 .debug_frame   0x0000000000000490      0x170 ./Peripheral/src/ch32v20x_gpio.o
 .debug_frame   0x0000000000000600      0x264 ./Peripheral/src/ch32v20x_i2c.o
 .debug_frame   0x0000000000000864       0x30 ./Peripheral/src/ch32v20x_misc.o
 .debug_frame   0x0000000000000894      0x244 ./Peripheral/src/ch32v20x_rcc.o
 .debug_frame   0x0000000000000ad8      0x614 ./Peripheral/src/ch32v20x_tim.o
 .debug_frame   0x00000000000010ec       0x40 ./Core/delay.o
 .debug_frame   0x000000000000112c       0x44 d:/dev/mounriver/mounriver_studio/toolchain/risc-v embedded gcc/bin/../lib/gcc/riscv-none-embed/8.2.0/rv32imacxw/ilp32\libgcc.a(subdf3.o)
 .debug_frame   0x0000000000001170       0x40 d:/dev/mounriver/mounriver_studio/toolchain/risc-v embedded gcc/bin/../lib/gcc/riscv-none-embed/8.2.0/rv32imacxw/ilp32\libgcc.a(addsf3.o)
 .debug_frame   0x00000000000011b0       0x50 d:/dev/mounriver/mounriver_studio/toolchain/risc-v embedded gcc/bin/../lib/gcc/riscv-none-embed/8.2.0/rv32imacxw/ilp32\libgcc.a(divsf3.o)
 .debug_frame   0x0000000000001200       0x20 d:/dev/mounriver/mounriver_studio/toolchain/risc-v embedded gcc/bin/../lib/gcc/riscv-none-embed/8.2.0/rv32imacxw/ilp32\libgcc.a(gesf2.o)
 .debug_frame   0x0000000000001220       0x20 d:/dev/mounriver/mounriver_studio/toolchain/risc-v embedded gcc/bin/../lib/gcc/riscv-none-embed/8.2.0/rv32imacxw/ilp32\libgcc.a(lesf2.o)
 .debug_frame   0x0000000000001240       0x50 d:/dev/mounriver/mounriver_studio/toolchain/risc-v embedded gcc/bin/../lib/gcc/riscv-none-embed/8.2.0/rv32imacxw/ilp32\libgcc.a(mulsf3.o)
 .debug_frame   0x0000000000001290       0x3c d:/dev/mounriver/mounriver_studio/toolchain/risc-v embedded gcc/bin/../lib/gcc/riscv-none-embed/8.2.0/rv32imacxw/ilp32\libgcc.a(subsf3.o)
 .debug_frame   0x00000000000012cc       0x20 d:/dev/mounriver/mounriver_studio/toolchain/risc-v embedded gcc/bin/../lib/gcc/riscv-none-embed/8.2.0/rv32imacxw/ilp32\libgcc.a(fixsfsi.o)
 .debug_frame   0x00000000000012ec       0x38 d:/dev/mounriver/mounriver_studio/toolchain/risc-v embedded gcc/bin/../lib/gcc/riscv-none-embed/8.2.0/rv32imacxw/ilp32\libgcc.a(floatsisf.o)
 .debug_frame   0x0000000000001324       0x44 d:/dev/mounriver/mounriver_studio/toolchain/risc-v embedded gcc/bin/../lib/gcc/riscv-none-embed/8.2.0/rv32imacxw/ilp32\libgcc.a(floatunsisf.o)
 .debug_frame   0x0000000000001368       0x38 d:/dev/mounriver/mounriver_studio/toolchain/risc-v embedded gcc/bin/../lib/gcc/riscv-none-embed/8.2.0/rv32imacxw/ilp32\libgcc.a(extendsfdf2.o)
 .debug_frame   0x00000000000013a0       0x20 d:/dev/mounriver/mounriver_studio/toolchain/risc-v embedded gcc/bin/../lib/gcc/riscv-none-embed/8.2.0/rv32imacxw/ilp32\libgcc.a(truncdfsf2.o)
 .debug_frame   0x00000000000013c0       0x20 d:/dev/mounriver/mounriver_studio/toolchain/risc-v embedded gcc/bin/../lib/gcc/riscv-none-embed/8.2.0/rv32imacxw/ilp32\libgcc.a(_clzsi2.o)
 .debug_frame   0x00000000000013e0       0x30 d:/dev/mounriver/mounriver_studio/toolchain/risc-v embedded gcc/bin/../lib/gcc/riscv-none-embed/8.2.0/../../../../riscv-none-embed/lib/rv32imacxw/ilp32\libg_nano.a(lib_a-malloc.o)
 .debug_frame   0x0000000000001410       0x20 d:/dev/mounriver/mounriver_studio/toolchain/risc-v embedded gcc/bin/../lib/gcc/riscv-none-embed/8.2.0/../../../../riscv-none-embed/lib/rv32imacxw/ilp32\libg_nano.a(lib_a-memmove.o)
 .debug_frame   0x0000000000001430       0x40 d:/dev/mounriver/mounriver_studio/toolchain/risc-v embedded gcc/bin/../lib/gcc/riscv-none-embed/8.2.0/../../../../riscv-none-embed/lib/rv32imacxw/ilp32\libg_nano.a(lib_a-nano-freer.o)
 .debug_frame   0x0000000000001470       0x40 d:/dev/mounriver/mounriver_studio/toolchain/risc-v embedded gcc/bin/../lib/gcc/riscv-none-embed/8.2.0/../../../../riscv-none-embed/lib/rv32imacxw/ilp32\libg_nano.a(lib_a-nano-mallocr.o)
 .debug_frame   0x00000000000014b0       0x30 d:/dev/mounriver/mounriver_studio/toolchain/risc-v embedded gcc/bin/../lib/gcc/riscv-none-embed/8.2.0/../../../../riscv-none-embed/lib/rv32imacxw/ilp32\libg_nano.a(lib_a-sbrkr.o)
 .debug_frame   0x00000000000014e0       0x20 d:/dev/mounriver/mounriver_studio/toolchain/risc-v embedded gcc/bin/../lib/gcc/riscv-none-embed/8.2.0/../../../../riscv-none-embed/lib/rv32imacxw/ilp32\libg_nano.a(lib_a-strlen.o)
 .debug_frame   0x0000000000001500       0x3c d:/dev/mounriver/mounriver_studio/toolchain/risc-v embedded gcc/bin/../lib/gcc/riscv-none-embed/8.2.0/../../../../riscv-none-embed/lib/rv32imacxw/ilp32\libg_nano.a(lib_a-vsprintf.o)
 .debug_frame   0x000000000000153c       0x30 d:/dev/mounriver/mounriver_studio/toolchain/risc-v embedded gcc/bin/../lib/gcc/riscv-none-embed/8.2.0/../../../../riscv-none-embed/lib/rv32imacxw/ilp32\libg_nano.a(lib_a-mlock.o)
 .debug_frame   0x000000000000156c       0xe0 d:/dev/mounriver/mounriver_studio/toolchain/risc-v embedded gcc/bin/../lib/gcc/riscv-none-embed/8.2.0/../../../../riscv-none-embed/lib/rv32imacxw/ilp32\libg_nano.a(lib_a-nano-svfprintf.o)
 .debug_frame   0x000000000000164c       0x8c d:/dev/mounriver/mounriver_studio/toolchain/risc-v embedded gcc/bin/../lib/gcc/riscv-none-embed/8.2.0/../../../../riscv-none-embed/lib/rv32imacxw/ilp32\libg_nano.a(lib_a-nano-vfprintf_i.o)
 .debug_frame   0x00000000000016d8       0x70 d:/dev/mounriver/mounriver_studio/toolchain/risc-v embedded gcc/bin/../lib/gcc/riscv-none-embed/8.2.0/../../../../riscv-none-embed/lib/rv32imacxw/ilp32\libg_nano.a(lib_a-reent.o)
 .debug_frame   0x0000000000001748       0x20 d:/dev/mounriver/mounriver_studio/toolchain/risc-v embedded gcc/bin/../lib/gcc/riscv-none-embed/8.2.0/../../../../riscv-none-embed/lib/rv32imacxw/ilp32\libg_nano.a(lib_a-memchr.o)
 .debug_frame   0x0000000000001768       0x20 d:/dev/mounriver/mounriver_studio/toolchain/risc-v embedded gcc/bin/../lib/gcc/riscv-none-embed/8.2.0/../../../../riscv-none-embed/lib/rv32imacxw/ilp32\libg_nano.a(lib_a-memcpy.o)
 .debug_frame   0x0000000000001788       0x40 d:/dev/mounriver/mounriver_studio/toolchain/risc-v embedded gcc/bin/../lib/gcc/riscv-none-embed/8.2.0/../../../../riscv-none-embed/lib/rv32imacxw/ilp32\libg_nano.a(lib_a-nano-reallocr.o)
 .debug_frame   0x00000000000017c8       0x20 d:/dev/mounriver/mounriver_studio/toolchain/risc-v embedded gcc/bin/../lib/gcc/riscv-none-embed/8.2.0/../../../../riscv-none-embed/lib/rv32imacxw/ilp32\libg_nano.a(lib_a-nano-msizer.o)
 .debug_frame   0x00000000000017e8       0x20 d:/dev/mounriver/mounriver_studio/toolchain/risc-v embedded gcc/bin/../lib/gcc/riscv-none-embed/8.2.0/../../../../riscv-none-embed/lib/rv32imacxw/ilp32\libnosys.a(sbrk.o)

.debug_loc      0x0000000000000000     0x3cec
 .debug_loc     0x0000000000000000       0x53 ./User/font.o
 .debug_loc     0x0000000000000053       0xf8 ./User/hx711.o
 .debug_loc     0x000000000000014b      0x382 ./User/main.o
 .debug_loc     0x00000000000004cd      0x5c6 ./User/oled.o
 .debug_loc     0x0000000000000a93       0xac ./User/system_ch32v20x.o
 .debug_loc     0x0000000000000b3f      0x8d6 ./Peripheral/src/ch32v20x_gpio.o
 .debug_loc     0x0000000000001415      0x70d ./Peripheral/src/ch32v20x_i2c.o
 .debug_loc     0x0000000000001b22       0xce ./Peripheral/src/ch32v20x_misc.o
 .debug_loc     0x0000000000001bf0      0x797 ./Peripheral/src/ch32v20x_rcc.o
 .debug_loc     0x0000000000002387     0x190e ./Peripheral/src/ch32v20x_tim.o
 .debug_loc     0x0000000000003c95       0x57 ./Core/delay.o
